========== Legend for Equation and Variable Type Codes in PLP- & LP-File =============
    Vr : Variable : Nodal real voltage
    Vi : Variable : Nodal imaginair voltage
   Vm2 : Variable : Nodal voltage magnitude
   Evm : Equation : Nodal voltage magnitude
   Bir : Equation : Nodal Balance real currents
   Bii : Equatiob : Nodal Balance imaginair currents
    PP : Variable : External active power
    QQ : Variable : External reactive power
  EPVI : Equation : External active power
  EQVI : Equation : External reactive power
   EPs : Equation : Shunt Ir = f(Vr,Vi)
   Eqs : Equation : Shunt Ii = f(Vr,Vi)
    Ir : Variable : real current
    Ii : Variable : imaginair current
   DVr : Equation : Line real voltage drop
   DVi : Equation : Line imaginair voltage drop

========== Legend for Object IDs in PLP- & LP-File =============
ENO00 BUS000
ENO01 BUS001
ENO02 BUS002
ENO03 BUS003
ENO04 BUS004
ENO05 BUS005
ENO06 BUS006
ENO07 BUS007
ENO08 BUS008
ENO09 BUS009
ENO10 BUS010
ENO11 BUS011
ENO12 BUS012
ENO13 BUS013
ENO14 BUS014
ENO15 BUS015
ENO16 BUS016
ENO17 BUS017
ENO18 BUS018
ENO19 BUS019
ENO20 BUS020
ENO21 BUS021
ENO22 BUS022
ENO23 BUS023
ENO24 BUS024
ENO25 BUS025
ENO26 BUS026
ENO27 BUS027
ENO28 BUS028
ENO29 BUS029
FGEN00 BUS000
FGEN01 BUS001
EDEM00 BUS002
EDEM01 BUS003
SHT00 BUS004
EDEM02 BUS005
EDEM03 BUS006
EDEM04 BUS007
EDEM05 BUS008
EDEM06 BUS009
EDEM07 BUS010
EDEM08 BUS011
FGEN02 BUS012
EDEM09 BUS013
EDEM10 BUS014
EDEM11 BUS015
EDEM12 BUS016
EDEM13 BUS017
EDEM14 BUS018
EDEM15 BUS019
EDEM16 BUS020
FGEN03 BUS021
FGEN04 BUS022
SHT01 BUS023
EDEM17 BUS024
EDEM18 BUS025
FGEN05 BUS026
EDEM19 BUS027
EDEM20 BUS028
EDEM21 BUS029
LI00 LINE000
LI01 LINE001
LI02 LINE002
LI03 LINE003
LI04 LINE004
LI05 LINE005
LI06 LINE006
LI07 LINE007
LI08 LINE008
LI09 LINE009
LI10 LINE010
LI11 LINE011
LI12 LINE012
LI13 LINE013
LI14 LINE014
LI15 LINE015
LI16 LINE016
LI17 LINE017
LI18 LINE018
LI19 LINE019
LI20 LINE020
LI21 LINE021
LI22 LINE022
LI23 LINE023
LI24 LINE024
LI25 LINE025
LI26 LINE026
LI27 LINE027
LI28 LINE028
LI29 LINE029
LI30 LINE030
LI31 LINE031
LI32 LINE032
LI33 LINE033
LI34 LINE034
LI35 LINE035
LI36 LINE036
LI37 LINE037
LI38 LINE038
LI39 LINE039
LI40 LINE040
FUEL00 CCGT
FUEL01 GASTURBINE
